// Jest Snapshot v1, https://goo.gl/fbAQLP

exports[`renders learn react link 1`] = `
<App>
  <div
    className="App"
    data-test="container"
    title="times"
  >
    times!
  </div>
</App>
`;
